START Sat Sep  5 13:40:15 +05 2026

=== B Nest 12 + Fastify / Bun 1.4 ===
boot 278 ms, idle RSS 90.0 MB
[1/63] B/health/c=10
  run 1: 88554 rps, p99 0.23 ms, rss 153 MB, cpu 105%, other 379%
  run 2: 85351 rps, p99 0.33 ms, rss 157 MB, cpu 104%, other 569%
  [contended] foreign CPU 569% — redoing run 2 (retry 1/200)
  [idle-gate] B/health/c=10: foreign CPU 605% ≥ 450%, waiting 30 s
  [idle-gate] B/health/c=10: foreign CPU 709% ≥ 450%, waiting 30 s
  [idle-gate] B/health/c=10: foreign CPU 822% ≥ 450%, waiting 30 s
  run 2: 88491 rps, p99 0.24 ms, rss 171 MB, cpu 104%, other 289%
  run 3: 87719 rps, p99 0.24 ms, rss 172 MB, cpu 104%, other 390%
[2/63] B/health/c=100
  run 1: 91366 rps, p99 1.84 ms, rss 176 MB, cpu 103%, other 328%
  run 2: 89886 rps, p99 1.95 ms, rss 177 MB, cpu 102%, other 292%
  run 3: 88782 rps, p99 1.93 ms, rss 177 MB, cpu 102%, other 338%
[3/63] B/health/c=500
  run 1: 86969 rps, p99 8.49 ms, rss 183 MB, cpu 102%, other 307%
  run 2: 85244 rps, p99 8.46 ms, rss 187 MB, cpu 102%, other 270%
  run 3: 85527 rps, p99 7.30 ms, rss 187 MB, cpu 102%, other 251%
[4/63] B/echo/c=10
  run 1: 65787 rps, p99 0.34 ms, rss 199 MB, cpu 105%, other 334%
  run 2: 64940 rps, p99 0.36 ms, rss 199 MB, cpu 104%, other 257%
  run 3: 65312 rps, p99 0.36 ms, rss 199 MB, cpu 104%, other 343%
[5/63] B/echo/c=100
  run 1: 66081 rps, p99 2.59 ms, rss 199 MB, cpu 103%, other 368%
  run 2: 66725 rps, p99 2.44 ms, rss 199 MB, cpu 103%, other 284%
  run 3: 67273 rps, p99 2.43 ms, rss 199 MB, cpu 103%, other 295%
[6/63] B/echo/c=500
  run 1: 64022 rps, p99 9.47 ms, rss 201 MB, cpu 103%, other 339%
  run 2: 64622 rps, p99 10.20 ms, rss 203 MB, cpu 103%, other 251%  [!] non-2xx 9
  run 3: 64354 rps, p99 9.72 ms, rss 204 MB, cpu 102%, other 252%
[7/63] B/me/c=10
  run 1: 22774 rps, p99 1.23 ms, rss 244 MB, cpu 128%, other 305%
  run 2: 22515 rps, p99 1.23 ms, rss 244 MB, cpu 127%, other 249%
  run 3: 22831 rps, p99 1.23 ms, rss 244 MB, cpu 128%, other 237%
[8/63] B/me/c=100
  run 1: 23106 rps, p99 7.46 ms, rss 247 MB, cpu 132%, other 343%
  run 2: 23098 rps, p99 7.49 ms, rss 250 MB, cpu 133%, other 360%
  run 3: 23150 rps, p99 7.22 ms, rss 250 MB, cpu 132%, other 259%
[9/63] B/me/c=500
  run 1: 21878 rps, p99 31.35 ms, rss 267 MB, cpu 138%, other 385%
  run 2: 21830 rps, p99 31.52 ms, rss 268 MB, cpu 137%, other 285%
  run 3: 22200 rps, p99 29.16 ms, rss 269 MB, cpu 138%, other 245%
[10/63] B/user/c=10
  run 1: 27468 rps, p99 1.07 ms, rss 270 MB, cpu 106%, other 349%
  run 2: 27967 rps, p99 1.05 ms, rss 270 MB, cpu 106%, other 247%
  run 3: 27555 rps, p99 1.06 ms, rss 270 MB, cpu 106%, other 264%
[11/63] B/user/c=100
  run 1: 29383 rps, p99 5.72 ms, rss 271 MB, cpu 109%, other 357%
  run 2: 29813 rps, p99 5.47 ms, rss 271 MB, cpu 110%, other 352%
  run 3: 29608 rps, p99 5.62 ms, rss 271 MB, cpu 110%, other 352%
[12/63] B/user/c=500
  run 1: 28430 rps, p99 22.05 ms, rss 272 MB, cpu 114%, other 324%  [!] non-2xx 31
  run 2: 27757 rps, p99 23.79 ms, rss 272 MB, cpu 113%, other 265%
  run 3: 26768 rps, p99 27.29 ms, rss 274 MB, cpu 114%, other 306%
[13/63] B/list/c=10
  run 1: 20756 rps, p99 1.32 ms, rss 279 MB, cpu 103%, other 314%
  run 2: 20516 rps, p99 1.38 ms, rss 279 MB, cpu 103%, other 355%
  run 3: 20564 rps, p99 1.36 ms, rss 279 MB, cpu 102%, other 394%
[14/63] B/list/c=100
  run 1: 21627 rps, p99 8.75 ms, rss 279 MB, cpu 115%, other 409%
  run 2: 21641 rps, p99 8.76 ms, rss 279 MB, cpu 114%, other 367%
  run 3: 21733 rps, p99 8.75 ms, rss 280 MB, cpu 115%, other 372%
[15/63] B/list/c=500
  run 1: 20929 rps, p99 33.58 ms, rss 280 MB, cpu 118%, other 372%
  run 2: 20854 rps, p99 34.24 ms, rss 282 MB, cpu 119%, other 366%
  run 3: 21228 rps, p99 33.12 ms, rss 282 MB, cpu 118%, other 400%
[16/63] B/order/c=10
  run 1: 18609 rps, p99 2.03 ms, rss 288 MB, cpu 91%, other 375%
  run 2: 18599 rps, p99 2.01 ms, rss 288 MB, cpu 91%, other 379%
  run 3: 18544 rps, p99 2.07 ms, rss 288 MB, cpu 91%, other 427%
[17/63] B/order/c=100
  run 1: 23324 rps, p99 11.00 ms, rss 288 MB, cpu 105%, other 391%
  run 2: 22336 rps, p99 11.48 ms, rss 288 MB, cpu 102%, other 362%
  run 3: 13711 rps, p99 16.37 ms, rss 288 MB, cpu 74%, other 307%
[18/63] B/order/c=500
  run 1: 12972 rps, p99 75.21 ms, rss 290 MB, cpu 79%, other 356%
  run 2: 13517 rps, p99 64.78 ms, rss 290 MB, cpu 80%, other 377%  [!] non-2xx 11
  run 3: 13257 rps, p99 70.25 ms, rss 291 MB, cpu 80%, other 336%  [!] non-2xx 72
[19/63] B/cpu/c=10
  run 1: 183 rps, p99 103.73 ms, rss 303 MB, cpu 112%, other 196%
  run 2: 179 rps, p99 107.39 ms, rss 303 MB, cpu 111%, other 213%
  run 3: 177 rps, p99 109.91 ms, rss 303 MB, cpu 111%, other 290%
[20/63] B/cpu/c=100
  run 1: 178 rps, p99 667.21 ms, rss 303 MB, cpu 111%, other 216%
  run 2: 179 rps, p99 604.33 ms, rss 303 MB, cpu 112%, other 193%
  run 3: 175 rps, p99 694.90 ms, rss 303 MB, cpu 111%, other 325%
[21/63] B/cpu/c=500
  run 1: 33600 rps, p99 53.98 ms, rss 261 MB, cpu 93%, other 194%  [!] non-2xx 982332
  run 2: 36260 rps, p99 60.43 ms, rss 260 MB, cpu 95%, other 198%  [!] non-2xx 1046715
  run 3: 30094 rps, p99 70.15 ms, rss 260 MB, cpu 93%, other 203%  [!] non-2xx 879722

=== C Elysia 2 / Bun 1.4 ===
boot 206 ms, idle RSS 38.8 MB
[22/63] C/health/c=10
