++ date
+ echo 'START Sat Sep  5 15:25:36 +05 2026'
START Sat Sep  5 15:25:36 +05 2026
+ bun bench/order-fair.ts
A run 1 12944 rps, cpu 103%, other 448%
A run 2 12250 rps, cpu 100%, other 489%
A run 3 12287 rps, cpu 96%, other 379%
B run 1 24448 rps, cpu 104%, other 390%
B run 2 24059 rps, cpu 104%, other 404%
B run 3 24251 rps, cpu 105%, other 376%
C run 1 25763 rps, cpu 102%, other 435%
C run 2 27633 rps, cpu 108%, other 409%
C run 3 27327 rps, cpu 108%, other 403%
D run 1 21228 rps, cpu 80%, other 307%
D run 2 21442 rps, cpu 82%, other 318%
D run 3 16634 rps, cpu 67%, other 272%
A: 12287 rps, B: 24251 rps, C: 27327 rps, D: 21228 rps
+ echo 'ORDER-FAIR DONE'
ORDER-FAIR DONE
+ bun bench/drift.ts
health now 97251 morning 100021 delta -2.8%
user now 17716 morning 16634 delta 6.5%
order now 13173 morning 13395 delta -1.7%
+ echo 'DRIFT DONE'
DRIFT DONE
+ CONFIGS=B-pgjs,A-typebox
+ CASES=me,user,list,order,echo
+ CONC=100
+ CONTENTION=450
+ MAX_RETRY=50
+ bun bench/bench.ts

=== B-pgjs Nest 12 + Fastify / Bun 1.4, postgres.js ===
boot 200 ms, idle RSS 92.0 MB
[1/10] B-pgjs/echo/c=100
  run 1: 75650 rps, p99 2.19 ms, rss 171 MB, cpu 102%, other 360%
  run 2: 75714 rps, p99 2.16 ms, rss 175 MB, cpu 103%, other 430%
  run 3: 75277 rps, p99 2.19 ms, rss 176 MB, cpu 103%, other 429%
[2/10] B-pgjs/me/c=100
  run 1: 17741 rps, p99 9.77 ms, rss 219 MB, cpu 126%, other 486%
  [contended] foreign CPU 486% — redoing run 1 (retry 1/50)
  run 1: 18281 rps, p99 8.85 ms, rss 229 MB, cpu 125%, other 448%
  run 2: 18458 rps, p99 8.76 ms, rss 232 MB, cpu 129%, other 468%
  [contended] foreign CPU 468% — redoing run 2 (retry 2/50)
  [idle-gate] B-pgjs/me/c=100: foreign CPU 492% ≥ 450%, waiting 30 s
  run 2: 18301 rps, p99 8.38 ms, rss 235 MB, cpu 126%, other 522%
  [contended] foreign CPU 522% — redoing run 2 (retry 3/50)
  [idle-gate] B-pgjs/me/c=100: foreign CPU 505% ≥ 450%, waiting 30 s
  run 2: 18481 rps, p99 8.02 ms, rss 237 MB, cpu 126%, other 461%
  [contended] foreign CPU 461% — redoing run 2 (retry 4/50)
  [idle-gate] B-pgjs/me/c=100: foreign CPU 527% ≥ 450%, waiting 30 s
  run 2: 18348 rps, p99 8.20 ms, rss 239 MB, cpu 127%, other 568%
  [contended] foreign CPU 568% — redoing run 2 (retry 5/50)
  [idle-gate] B-pgjs/me/c=100: foreign CPU 468% ≥ 450%, waiting 30 s
  run 2: 18063 rps, p99 8.44 ms, rss 239 MB, cpu 128%, other 468%
  [contended] foreign CPU 468% — redoing run 2 (retry 6/50)
  run 2: 18014 rps, p99 8.53 ms, rss 239 MB, cpu 126%, other 591%
  [contended] foreign CPU 591% — redoing run 2 (retry 7/50)
  run 2: 18484 rps, p99 8.06 ms, rss 240 MB, cpu 128%, other 539%
  [contended] foreign CPU 539% — redoing run 2 (retry 8/50)
  run 2: 18238 rps, p99 8.25 ms, rss 241 MB, cpu 126%, other 542%
  [contended] foreign CPU 542% — redoing run 2 (retry 9/50)
  run 2: 16073 rps, p99 10.06 ms, rss 244 MB, cpu 127%, other 406%
  run 3: 15692 rps, p99 9.89 ms, rss 244 MB, cpu 128%, other 406%
[3/10] B-pgjs/user/c=100
  run 1: 21538 rps, p99 7.02 ms, rss 244 MB, cpu 113%, other 435%
  run 2: 21134 rps, p99 7.33 ms, rss 244 MB, cpu 112%, other 349%
  run 3: 21192 rps, p99 8.09 ms, rss 244 MB, cpu 111%, other 320%
[4/10] B-pgjs/list/c=100
  run 1: 14257 rps, p99 11.28 ms, rss 245 MB, cpu 112%, other 441%
  run 2: 15265 rps, p99 10.89 ms, rss 245 MB, cpu 113%, other 364%
  run 3: 15135 rps, p99 10.62 ms, rss 245 MB, cpu 114%, other 335%
[5/10] B-pgjs/order/c=100
  run 1: 13547 rps, p99 16.77 ms, rss 248 MB, cpu 89%, other 406%
  run 2: 13682 rps, p99 17.80 ms, rss 248 MB, cpu 89%, other 385%
  run 3: 13370 rps, p99 16.75 ms, rss 248 MB, cpu 89%, other 389%

=== A-typebox Nest 12 + Fastify / Node 26, TypeBox validator ===
boot 661 ms, idle RSS 195.7 MB
[6/10] A-typebox/echo/c=100
  run 1: 67659 rps, p99 1.94 ms, rss 199 MB, cpu 100%, other 279%
  run 2: 67768 rps, p99 1.93 ms, rss 198 MB, cpu 100%, other 307%
  run 3: 67524 rps, p99 1.95 ms, rss 198 MB, cpu 100%, other 436%
[7/10] A-typebox/me/c=100
  run 1: 14521 rps, p99 8.44 ms, rss 261 MB, cpu 115%, other 507%
  [contended] foreign CPU 507% — redoing run 1 (retry 1/50)
  [idle-gate] A-typebox/me/c=100: foreign CPU 517% ≥ 450%, waiting 30 s
  run 1: 14573 rps, p99 8.37 ms, rss 267 MB, cpu 113%, other 515%
  [contended] foreign CPU 515% — redoing run 1 (retry 2/50)
  [idle-gate] A-typebox/me/c=100: foreign CPU 519% ≥ 450%, waiting 30 s
  run 1: 13586 rps, p99 10.24 ms, rss 245 MB, cpu 113%, other 548%
  [contended] foreign CPU 548% — redoing run 1 (retry 3/50)
  [idle-gate] A-typebox/me/c=100: foreign CPU 522% ≥ 450%, waiting 30 s
  run 1: 14238 rps, p99 8.63 ms, rss 245 MB, cpu 113%, other 562%
  [contended] foreign CPU 562% — redoing run 1 (retry 4/50)
  run 1: 14099 rps, p99 8.57 ms, rss 257 MB, cpu 113%, other 547%
  [contended] foreign CPU 547% — redoing run 1 (retry 5/50)
  [idle-gate] A-typebox/me/c=100: foreign CPU 476% ≥ 450%, waiting 30 s
  run 1: 14141 rps, p99 8.67 ms, rss 261 MB, cpu 113%, other 563%
  [contended] foreign CPU 563% — redoing run 1 (retry 6/50)
  [idle-gate] A-typebox/me/c=100: foreign CPU 456% ≥ 450%, waiting 30 s
  run 1: 14086 rps, p99 8.89 ms, rss 250 MB, cpu 113%, other 543%
  [contended] foreign CPU 543% — redoing run 1 (retry 7/50)
  [idle-gate] A-typebox/me/c=100: foreign CPU 503% ≥ 450%, waiting 30 s
  run 1: 14541 rps, p99 8.49 ms, rss 256 MB, cpu 112%, other 517%
  [contended] foreign CPU 517% — redoing run 1 (retry 8/50)
  [idle-gate] A-typebox/me/c=100: foreign CPU 459% ≥ 450%, waiting 30 s
  [idle-gate] A-typebox/me/c=100: foreign CPU 466% ≥ 450%, waiting 30 s
  [idle-gate] A-typebox/me/c=100: foreign CPU 466% ≥ 450%, waiting 30 s
  run 1: 13387 rps, p99 9.99 ms, rss 229 MB, cpu 112%, other 421%
  run 2: 12989 rps, p99 10.30 ms, rss 243 MB, cpu 116%, other 504%
  [contended] foreign CPU 504% — redoing run 2 (retry 9/50)
  run 2: 13426 rps, p99 9.89 ms, rss 246 MB, cpu 112%, other 475%
  [contended] foreign CPU 475% — redoing run 2 (retry 10/50)
  run 2: 13254 rps, p99 9.72 ms, rss 243 MB, cpu 112%, other 421%
  run 3: 13528 rps, p99 9.71 ms, rss 248 MB, cpu 114%, other 471%
  [contended] foreign CPU 471% — redoing run 3 (retry 11/50)
  run 3: 13360 rps, p99 9.53 ms, rss 243 MB, cpu 111%, other 520%
  [contended] foreign CPU 520% — redoing run 3 (retry 12/50)
  [idle-gate] A-typebox/me/c=100: foreign CPU 511% ≥ 450%, waiting 30 s
  run 3: 13590 rps, p99 9.95 ms, rss 238 MB, cpu 110%, other 358%
[8/10] A-typebox/user/c=100
  run 1: 16336 rps, p99 8.91 ms, rss 275 MB, cpu 106%, other 426%
  run 2: 15659 rps, p99 9.54 ms, rss 275 MB, cpu 105%, other 479%
  [contended] foreign CPU 479% — redoing run 2 (retry 1/50)
  run 2: 16166 rps, p99 8.39 ms, rss 260 MB, cpu 104%, other 411%
  run 3: 15952 rps, p99 9.24 ms, rss 278 MB, cpu 106%, other 469%
  [contended] foreign CPU 469% — redoing run 3 (retry 2/50)
  run 3: 15730 rps, p99 9.11 ms, rss 267 MB, cpu 104%, other 426%
[9/10] A-typebox/list/c=100
  run 1: 11772 rps, p99 11.93 ms, rss 232 MB, cpu 106%, other 455%
  [contended] foreign CPU 455% — redoing run 1 (retry 1/50)
  run 1: 11584 rps, p99 12.13 ms, rss 231 MB, cpu 104%, other 358%
  run 2: 11610 rps, p99 12.18 ms, rss 236 MB, cpu 106%, other 346%
  run 3: 11818 rps, p99 11.53 ms, rss 226 MB, cpu 106%, other 320%
[10/10] A-typebox/order/c=100
  run 1: 12020 rps, p99 14.87 ms, rss 267 MB, cpu 95%, other 418%
  run 2: 11972 rps, p99 16.34 ms, rss 289 MB, cpu 95%, other 418%
  run 3: 12747 rps, p99 12.73 ms, rss 282 MB, cpu 96%, other 377%
done: 10 combinations → results/sensitivity.json
+ echo 'SENS DONE'
SENS DONE
+ bun bench/boot.ts
A boot 405 ms, first req 17.53 ms
B boot 186 ms, first req 13.60 ms
C boot 94 ms, first req 17.78 ms
D boot 44 ms, first req 15.62 ms
+ echo 'BOOT DONE'
BOOT DONE
+ bun bench/dx.ts
elysia-api {"installMs":105.56616699999998,"nodeModulesMB":55.26953125,"depCount":16,"directDeps":{"runtime":4,"dev":2},"buildMs":17.42379199999999,"distKB":772,"typecheckMs":652.19,"loc":100,"files":6,"configFiles":"package.json tsconfig.json","aotBuildMs":122.05162500000006,"aotDistKB":1332,"reloadMs":[76,78,63,64,64],"reloadMedianMs":64}
nest-api {"installMs":2298.124582999999,"nodeModulesMB":208.1796875,"depCount":365,"directDeps":{"runtime":10,"dev":14},"buildMs":433.75758400000086,"distKB":40,"typecheckMs":731.3028340000001,"loc":205,"files":10,"configFiles":".prettierrc .swcrc nest-cli.json oxlint.json package.json tsconfig.json vitest.config.e2e.ts vitest.config.ts","reloadMs":[723,738,753,741,736],"reloadMedianMs":738}
+ echo 'DX DONE'
DX DONE
++ date
+ echo 'END Sat Sep  5 16:16:35 +05 2026 exit=0'
END Sat Sep  5 16:16:35 +05 2026 exit=0
